
Memory Configuration

Name             Origin             Length             Attributes
flash            0x08000000         0x00020000         xr
sram             0x20000000         0x00005000         xrw
*default*        0x00000000         0xffffffff

Linker script and memory map

                0x08020000                _E_TEXT = (ORIGIN (flash) + LENGTH (flash))
                0x08020000                _S_DATA = _E_TEXT
                0x08020000                _E_DATA = (ORIGIN (flash) + LENGTH (flash))
                0x20005000                _S_BSS = (ORIGIN (sram) + LENGTH (sram))
                0x20005000                _E_BSS = (ORIGIN (sram) + LENGTH (sram))

.text           0x08000000      0x134
 *(.vectors*)
 .vectors       0x08000000       0x10 startup.o
                0x08000000                g_p_fn_vetors
 *(.text*)
 .text          0x08000010       0x90 startup.o
                0x08000010                default_Handler
                0x08000010                H_fault_Handler
                0x08000010                NMI_Handler
                0x0800001c                Reset_Handler
 .text          0x080000a0       0x94 main.o
                0x080000a0                main
 *(.rodata)

.glue_7         0x08000134        0x0
 .glue_7        0x08000134        0x0 linker stubs

.glue_7t        0x08000134        0x0
 .glue_7t       0x08000134        0x0 linker stubs

.vfp11_veneer   0x08000134        0x0
 .vfp11_veneer  0x08000134        0x0 linker stubs

.v4_bx          0x08000134        0x0
 .v4_bx         0x08000134        0x0 linker stubs

.iplt           0x08000134        0x0
 .iplt          0x08000134        0x0 startup.o

.rel.dyn        0x08000134        0x0
 .rel.iplt      0x08000134        0x0 startup.o

.data           0x08000134        0x0
                0x08000134                _S_DATA = .
 *(.data)
 .data          0x08000134        0x0 startup.o
 .data          0x08000134        0x0 main.o
                0x08000134                _E_DATA = .
                0x08000134                . = ALIGN (0x4)

.igot.plt       0x08000134        0x0
 .igot.plt      0x08000134        0x0 startup.o

.bss            0x20000000      0x400
                0x20000000                _S_BSS = .
 *(.bss*)
 .bss           0x20000000      0x400 startup.o
 .bss           0x20000400        0x0 main.o
                0x20000400                _E_BSS = .
LOAD startup.o
LOAD main.o
OUTPUT(learn_in_depth_cortex_m4_lab3.elf elf32-littlearm)

.debug_info     0x00000000      0xb18
 .debug_info    0x00000000      0x178 startup.o
 .debug_info    0x00000178      0x9a0 main.o

.debug_abbrev   0x00000000      0x251
 .debug_abbrev  0x00000000       0xc3 startup.o
 .debug_abbrev  0x000000c3      0x18e main.o

.debug_loc      0x00000000       0xb4
 .debug_loc     0x00000000       0x7c startup.o
 .debug_loc     0x0000007c       0x38 main.o

.debug_aranges  0x00000000       0x40
 .debug_aranges
                0x00000000       0x20 startup.o
 .debug_aranges
                0x00000020       0x20 main.o

.debug_line     0x00000000      0x1b6
 .debug_line    0x00000000       0x6b startup.o
 .debug_line    0x0000006b      0x14b main.o

.debug_str      0x00000000      0x580
 .debug_str     0x00000000      0x170 startup.o
                                0x1a4 (size before relaxing)
 .debug_str     0x00000170      0x410 main.o
                                0x52c (size before relaxing)

.comment        0x00000000       0x7e
 .comment       0x00000000       0x7e startup.o
                                 0x7f (size before relaxing)
 .comment       0x0000007e       0x7f main.o

.ARM.attributes
                0x00000000       0x33
 .ARM.attributes
                0x00000000       0x33 startup.o
 .ARM.attributes
                0x00000033       0x33 main.o

.debug_frame    0x00000000       0x7c
 .debug_frame   0x00000000       0x50 startup.o
 .debug_frame   0x00000050       0x2c main.o
